role:
  - id: 1
    name: "admin"
  - id: 2
    name: "user"
  - id: 3
    name: "newRole"