user:
  - id: 1
    login: "Sasha"
    password: "123"
    email: "Sasha@email"
    firstname: "Sasha"
    lastname: "Diesel"
    birthday: "2001-01-01"
    role_id: 1
role:
  - id: 1
    name: "admin"
  - id: 2
    name: "user"